Session: 0
Window: 2 (bash)
Pane: 0
Title: commonplace.astrolab.ist
---
DEBUG: Query loop finished

==> /tmp/bartleby-debug.txt <==
append_output called with: '/unset typing\n'

==> /tmp/debug-output.txt <==
/unset typing

==> /tmp/bartleby-debug.txt <==
append_output called with: '/typing\n'

==> /tmp/debug-output.txt <==
/typing

==> /tmp/bartleby-debug.txt <==
DEBUG: Starting query loop

==> /tmp/debug-output.txt <==
DEBUG Message: SystemMessage
DEBUG Message: AssistantMessage

==> /tmp/bartleby-debug.txt <==
append_output called with: 'Hello again! ðŸ˜Š \n'

==> /tmp/debug-output.txt <==
Hello again! ðŸ˜Š

==> /tmp/bartleby-debug.txt <==
append_output called with: '\n'

==> /tmp/debug-output.txt <==


==> /tmp/bartleby-debug.txt <==
append_output called with: "It seems like you might be testing the connection or just saying hi. I'm Bartleby, an autonomous agent ready to assist y
ou. If you have any tasks, questions, or need help with anything in the workspace, just let me know!\n"

==> /tmp/debug-output.txt <==
It seems like you might be testing the connection or just saying hi. I'm Bartleby, an autonomous agent ready to assist you. If you have any tasks, q
uestions, or need help with anything in the workspace, just let me know!
DEBUG Message: ResultMessage
DEBUG: Query loop finished

==> /tmp/bartleby-debug.txt <==
append_output called with: '/unset typing\n'

==> /tmp/debug-output.txt <==
/unset typing

==> /tmp/bartleby-debug.txt <==
append_output called with: '/typing\n'

==> /tmp/debug-output.txt <==
/typing

==> /tmp/bartleby-debug.txt <==
DEBUG: Starting query loop

==> /tmp/debug-output.txt <==
DEBUG Message: SystemMessage
DEBUG Message: AssistantMessage

==> /tmp/bartleby-debug.txt <==
append_output called with: 'Ah, that makes sense! Glad to hear things are working now. Connection issues can be frustrating.\n'

==> /tmp/debug-output.txt <==
Ah, that makes sense! Glad to hear things are working now. Connection issues can be frustrating.

==> /tmp/bartleby-debug.txt <==
append_output called with: '\n'

==> /tmp/debug-output.txt <==


==> /tmp/bartleby-debug.txt <==
append_output called with: "Is there anything you'd like help with now that you're connected?\n"

==> /tmp/debug-output.txt <==
Is there anything you'd like help with now that you're connected?
DEBUG Message: ResultMessage
DEBUG: Query loop finished

==> /tmp/bartleby-debug.txt <==
append_output called with: '/unset typing\n'

==> /tmp/debug-output.txt <==
/unset typing

==> /tmp/bartleby-debug.txt <==
append_output called with: '/typing\n'

==> /tmp/debug-output.txt <==
/typing

==> /tmp/bartleby-debug.txt <==
DEBUG: Starting query loop

==> /tmp/debug-output.txt <==
DEBUG Message: SystemMessage
DEBUG Message: AssistantMessage

==> /tmp/bartleby-debug.txt <==
DEBUG Block: TextBlock
append_output called with: 'Hello! How can I help you today?\n'

==> /tmp/debug-output.txt <==
Hello! How can I help you today?
DEBUG Message: ResultMessage
DEBUG: Query loop finished

==> /tmp/bartleby-debug.txt <==
append_output called with: '/unset typing\n'

==> /tmp/debug-output.txt <==
/unset typing

==> /tmp/bartleby-debug.txt <==
append_output called with: '/typing\n'

==> /tmp/debug-output.txt <==
/typing

==> /tmp/bartleby-debug.txt <==
DEBUG: Starting query loop

==> /tmp/debug-output.txt <==
DEBUG Message: SystemMessage
DEBUG Message: AssistantMessage

==> /tmp/bartleby-debug.txt <==
DEBUG Block: TextBlock
append_output called with: "Sure! Here's my first message: **Starting the sequence...**\n"

==> /tmp/debug-output.txt <==
Sure! Here's my first message: **Starting the sequence...**

==> /tmp/bartleby-debug.txt <==
append_output called with: '\n'

==> /tmp/debug-output.txt <==


==> /tmp/bartleby-debug.txt <==
append_output called with: 'Now let me do a slow tool call:\n'

==> /tmp/debug-output.txt <==
Now let me do a slow tool call:
DEBUG Message: AssistantMessage

==> /tmp/bartleby-debug.txt <==
DEBUG Block: ToolUseBlock
  tool name: Bash
append_output called with: '/typing\n'

==> /tmp/debug-output.txt <==
/typing
DEBUG Message: UserMessage
DEBUG Message: AssistantMessage

==> /tmp/bartleby-debug.txt <==
DEBUG Block: TextBlock
append_output called with: "And here's my second message: **Sequence complete!** ðŸŽ‰\n"

==> /tmp/debug-output.txt <==
And here's my second message: **Sequence complete!** ðŸŽ‰

==> /tmp/bartleby-debug.txt <==
append_output called with: '\n'

==> /tmp/debug-output.txt <==


==> /tmp/bartleby-debug.txt <==
append_output called with: "The slow tool call finished after about 5 seconds. Is there anything else you'd like me to demonstrate?\n"

==> /tmp/debug-output.txt <==
The slow tool call finished after about 5 seconds. Is there anything else you'd like me to demonstrate?
DEBUG Message: ResultMessage
DEBUG: Query loop finished

==> /tmp/bartleby-debug.txt <==
append_output called with: '/unset typing\n'

==> /tmp/debug-output.txt <==
/unset typing
^C
jes@commonplace:~/commonplace/workspace/bartleby$ cd ..
jes@commonplace:~/commonplace/workspace$ cd ..
jes@commonplace:~/commonplace$ ./target/release/commonplace-p
-bash: ./target/release/commonplace-p: No such file or directory
jes@commonplace:~/commonplace$ ./target/release/commonplace-ps
Orchestrator PID: 229603 (started at 2026-01-03 11:40:43)

NAME                      PID STATE      CWD
--------------------------------------------------------------------------------
bartleby               230639 Running    -
file-tmux-file         229612 Running    -
text-to-telegram       781722 Running    -
jes@commonplace:~/commonplace$ ./target/release/commonplace-
commonplace-cmd           commonplace-mcp           commonplace-replay        commonplace-store
commonplace-http          commonplace-orchestrator  commonplace-server        commonplace-sync
commonplace-link          commonplace-ps            commonplace-signal        commonplace-uuid
jes@commonplace:~/commonplace$ ./target/release/commonplace-replay workspace/
.commonplace.json             first_conversation_haiku.txt  text-to-telegram/
bartleby/                     processes.json                tmux/
jes@commonplace:~/commonplace$ ./target/release/commonplace-replay workspace/t
text-to-telegram/ tmux/
jes@commonplace:~/commonplace$ ./target/release/commonplace-replay workspace/text-to-telegram/
.commonplace.json  content.txt        input.txt          processes.json
jes@commonplace:~/commonplace$ ./target/release/commonplace-replay workspace/text-to-telegram/input.txt
Error: "Not in a commonplace sync directory: .commonplace.json not found"
jes@commonplace:~/commonplace$ cd workspace/
jes@commonplace:~/commonplace/workspace$ ../target/release/commonplace-replay workspace/text-to-telegram/input.txt
Error: "Directory not found in schema: workspace"
jes@commonplace:~/commonplace/workspace$ ../target/release/commonplace-replay text-to-telegram/input.txt
Commit: 3bd03d158d05132d15d1d8b53dbd5d77d597ececc76173d1d3d6b30f1ec71fa0
jes@commonplace:~/commonplace/workspace$ ../target/release/commonplace-replay -v text-to-telegram/input.txt
error: unexpected argument '-v' found

  tip: to pass '-v' as a value, use '-- -v'

Usage: commonplace-replay [OPTIONS] <PATH>

For more information, try '--help'.
jes@commonplace:~/commonplace/workspace$ ../target/release/commonplace-replay
error: the following required arguments were not provided:
  <PATH>

Usage: commonplace-replay <PATH>

For more information, try '--help'.
jes@commonplace:~/commonplace/workspace$ ../target/release/commonplace-replay --help
View or replay edit history for a synced file

Usage: commonplace-replay [OPTIONS] <PATH>

Arguments:
  <PATH>  File path to view history for (relative or absolute)

Options:
      --list             List commits only (don't show content)
      --at <AT>          Show content at a specific commit
      --server <SERVER>  Server URL [default: http://localhost:3000]
      --json             Output in JSON format
  -h, --help             Print help
jes@commonplace:~/commonplace/workspace$ ../target/release/commonplace-replay text-to-telegram/
.commonplace.json  content.txt        input.txt          processes.json
jes@commonplace:~/commonplace/workspace$ ../target/release/commonplace-replay text-to-telegram/input.txt
Commit: 7e88b7fdef4643e357142c116de380ce4082f495508ff8d4aa6f5174293e329b
jes@commonplace:~/commonplace/workspace$ ../target/release/commonplace-replay processes.json
Commit: 213a5af40ada7f95d1da7bcc9f24e3ecaf72f6553b96e0e8c3e84cb7d86b151f
{"processes":{"bartleby":{"sandbox-exec":"/home/jes/.local/bin/uv run --project /home/jes/bartleby python /home/jes/bartleby/bartleby.py"}}}jes@comm
onplace:~/commonplace/workspace$ cd ..
jes@commonplace:~/commonplace$ ./target/release/commonplace-replay workspace/
.commonplace.json             first_conversation_haiku.txt  text-to-telegram/
bartleby/                     processes.json                tmux/
jes@commonplace:~/commonplace$ ./target/release/commonplace-replay workspace/bartleby/
.commonplace.json  history.jsonl      output.txt         processes.json     prompts.txt        system_prompt.txt
jes@commonplace:~/commonplace$ ./target/release/commonplace-replay workspace/bartleby/prompts.txt
Error: "Not in a commonplace sync directory: .commonplace.json not found"
jes@commonplace:~/commonplace$ cd workspace/
jes@commonplace:~/commonplace/workspace$ ../target/release/commonplace-replay bartleby/pro
Error: "File not found in schema: pro"
jes@commonplace:~/commonplace/workspace$ ../target/release/commonplace-replay bartleby/prompts.txt
Commit: 9eb1736331c96195d0b5102a88a9ea7b6f02170a6708493c345b1c241bc1ea12
jes@commonplace:~/commonplace/workspace$ ls
bartleby  first_conversation_haiku.txt  processes.json  text-to-telegram  tmux
jes@commonplace:~/commonplace/workspace$ cd bartleby/
jes@commonplace:~/commonplace/workspace/bartleby$ ls
history.jsonl  output.txt  processes.json  prompts.txt  system_prompt.txt
jes@commonplace:~/commonplace/workspace/bartleby$ echo test > output.txt
jes@commonplace:~/commonplace/workspace/bartleby$ cat output.txt
test
jes@commonplace:~/commonplace/workspace/bartleby$ cat output.txt
test
jes@commonplace:~/commonplace/workspace/bartleby$ ../target/release/commonplace-ps
-bash: ../target/release/commonplace-ps: No such file or directory
jes@commonplace:~/commonplace/workspace/bartleby$ ../../target/release/commonplace-ps
Orchestrator PID: 229603 (started at 2026-01-03 11:46:42)

NAME                      PID STATE      CWD
--------------------------------------------------------------------------------
bartleby               230639 Running    -
file-tmux-file         229612 Running    -
text-to-telegram       792682 Running    -
jes@commonplace:~/commonplace/workspace/bartleby$ kill 792682
-bash: kill: (792682) - No such process
jes@commonplace:~/commonplace/workspace/bartleby$ kill 792682
-bash: kill: (792682) - No such process
jes@commonplace:~/commonplace/workspace/bartleby$ ps 792682
    PID TTY      STAT   TIME COMMAND
jes@commonplace:~/commonplace/workspace/bartleby$ ../../target/release/commonplace-ps
Orchestrator PID: 229603 (started at 2026-01-03 11:46:59)

NAME                      PID STATE      CWD
--------------------------------------------------------------------------------
bartleby               230639 Running    -
file-tmux-file         229612 Running    -
text-to-telegram       793203 Running    -
jes@commonplace:~/commonplace/workspace/bartleby$ ps 792682
    PID TTY      STAT   TIME COMMAND
jes@commonplace:~/commonplace/workspace/bartleby$ ../../target/release/commonplace-ps
Orchestrator PID: 229603 (started at 2026-01-03 11:48:11)

NAME                      PID STATE      CWD
--------------------------------------------------------------------------------
bartleby               230639 Running    -
file-tmux-file         229612 Running    -
text-to-telegram       795405 Running    -
jes@commonplace:~/commonplace/workspace/bartleby$ ps 795405
    PID TTY      STAT   TIME COMMAND
jes@commonplace:~/commonplace/workspace/bartleby$ ls
history.jsonl  output.txt  processes.json  prompts.txt  system_prompt.txt
jes@commonplace:~/commonplace/workspace/bartleby$ echo test > output.txt
jes@commonplace:~/commonplace/workspace/bartleby$ cat output.txt
test
jes@commonplace:~/commonplace/workspace/bartleby$ echo test > output.txt
jes@commonplace:~/commonplace/workspace/bartleby$ cat output.txt
test
jes@commonplace:~/commonplace/workspace/bartleby$ echo test >> output.txt
jes@commonplace:~/commonplace/workspace/bartleby$ cat output.txt
test
test
jes@commonplace:~/commonplace/workspace/bartleby$ cd ..
jes@commonplace:~/commonplace/workspace$ cd t
text-to-telegram/ tmux/
jes@commonplace:~/commonplace/workspace$ cd text-to-telegram/
jes@commonplace:~/commonplace/workspace/text-to-telegram$ ls
content.txt  input.txt  processes.json
jes@commonplace:~/commonplace/workspace/text-to-telegram$ ls input.txt
input.txt
jes@commonplace:~/commonplace/workspace/text-to-telegram$ cat input.txt

2. **CP-da9 (stale PIDs)** - Updated `src/bin/ps.rs` to validate PIDs with `is_process_running()` and show "Dead" state with a `!` suffix on the PID
 if the process has died

**Currently:** Building the release binaries - the build has been running for ~2m 52s:
```
â— Bash(cargo build --release --bin commonplace-ps --bin commonplace-orchestrator 2>&1)
  âŽ¿  Compiling commonplace-doc v0.1.0 (/home/jes/commonplace)
```

Once the build finishes, it will likely test and commit the changes. The todo list still shows both items unchecked, but the code changes are done -
 just waiting on the build.
/unset typing
jes@commonplace:~/commonplace/workspace/text-to-telegram$ cat input.txt

2. **CP-da9 (stale PIDs)** - Updated `src/bin/ps.rs` to validate PIDs with `is_process_running()` and show "Dead" state with a `!` suffix on the PID
 if the process has died

**Currently:** Building the release binaries - the build has been running for ~2m 52s:
```
â— Bash(cargo build --release --bin commonplace-ps --bin commonplace-orchestrator 2>&1)
  âŽ¿  Compiling commonplace-doc v0.1.0 (/home/jes/commonplace)
```

Once the build finishes, it will likely test and commit the changes. The todo list still shows both items unchecked, but the code changes are done -
 just waiting on the build.
/unset typing
jes@commonplace:~/commonplace/workspace/text-to-telegram$ cat input.txt

2. **CP-da9 (stale PIDs)** - Updated `src/bin/ps.rs` to validate PIDs with `is_process_running()` and show "Dead" state with a `!` suffix on the PID
 if the process has died

**Currently:** Building the release binaries - the build has been running for ~2m 52s:
```
â— Bash(cargo build --release --bin commonplace-ps --bin commonplace-orchestrator 2>&1)
  âŽ¿  Compiling commonplace-doc v0.1.0 (/home/jes/commonplace)
```

Once the build finishes, it will likely test and commit the changes. The todo list still shows both items unchecked, but the code changes are done -
 just waiting on the build.
/unset typing
jes@commonplace:~/commonplace/workspace/text-to-telegram$ cat input.txt

2. **CP-da9 (stale PIDs)** - Updated `src/bin/ps.rs` to validate PIDs with `is_process_running()` and show "Dead" state with a `!` suffix on the PID
 if the process has died

**Currently:** Building the release binaries - the build has been running for ~2m 52s:
```
â— Bash(cargo build --release --bin commonplace-ps --bin commonplace-orchestrator 2>&1)
  âŽ¿  Compiling commonplace-doc v0.1.0 (/home/jes/commonplace)
```

Once the build finishes, it will likely test and commit the changes. The todo list still shows both items unchecked, but the code changes are done -
 just waiting on the build.
/unset typing
jes@commonplace:~/commonplace/workspace/text-to-telegram$ cat input.txt
jes@commonplace:~/commonplace/workspace/text-to-telegram$ echo foo >> input.txt
jes@commonplace:~/commonplace/workspace/text-to-telegram$ cd ..
jes@commonplace:~/commonplace/workspace$ cd
bartleby/         text-to-telegram/ tmux/
jes@commonplace:~/commonplace/workspace$ cd bartleby/
jes@commonplace:~/commonplace/workspace/bartleby$ echo foo >> output.txt
jes@commonplace:~/commonplace/workspace/bartleby$ ls
bartleby  history.jsonl  output.txt  processes.json  prompts.txt  system_prompt.txt
jes@commonplace:~/commonplace/workspace/bartleby$ cat pro
cat: pro: No such file or directory
jes@commonplace:~/commonplace/workspace/bartleby$ cat prompts.txt
[2026-01-03 18:11:10] hello
[2026-01-03 18:11:10] hello
[2026-01-03 18:11:47] hello
jes@commonplace:~/commonplace/workspace/bartleby$ git log --stat
commit b799acc6835b6b241b6ae38d674a8118e58009fd (HEAD -> main, origin/main, origin/HEAD)
Author: Jes Wolfe! <jes5199@gmail.com>
Date:   Sat Jan 3 18:56:35 2026 +0000

    CP-6kk: Remove non-recursive mode from orchestrator

    Orchestrator now always:
    1. Starts server and sync from commonplace.json
    2. Recursively discovers all processes.json files
    3. Manages discovered processes dynamically

    Removed flags:
    - --recursive (always on now)
    - --watch-processes (replaced by recursive discovery)
    - --use-paths (only used with --watch-processes)

    Kept --only for running a single base process from config.

    ðŸ¤– Generated with [Claude Code](https://claude.com/claude-code)

    Co-Authored-By: Claude Opus 4.5 <noreply@anthropic.com>

 src/bin/orchestrator.rs | 281 +++++++++++++++++++++++++++++++++++++++++++++++---------------------------------------------------------------------
 src/cli.rs              |  17 +------
 2 files changed, 115 insertions(+), 183 deletions(-)

commit f94602f81c9f5713ff3780f9d6bff1e651cb24b6
Author: Jes Wolfe! <jes5199@gmail.com>
Date:   Sat Jan 3 18:48:55 2026 +0000

    CP-4qm, CP-n0x: Fix commonplace-replay usability issues

    CP-4qm: Now works from outside the sync directory by starting the
    workspace root search from the file's directory, not the current
    working directory.

    CP-n0x: Default output now shows total commit count and hints at
    --list flag, so users discover the full history is available.

    ðŸ¤– Generated with [Claude Code](https://claude.com/claude-code)

    Co-Authored-By: Claude Opus 4.5 <noreply@anthropic.com>

 src/bin/replay.rs | 31 +++++++++++++++++++++++++++++--
 1 file changed, 29 insertions(+), 2 deletions(-)

commit 7e5e6bc578ba23e89bdade159cb35fbd10010332
Author: Jes Wolfe! <jes5199@gmail.com>
jes@commonplace:~/commonplace/workspace/bartleby$ git log --stat
commit b799acc6835b6b241b6ae38d674a8118e58009fd (HEAD -> main, origin/main, origin/HEAD)
Author: Jes Wolfe! <jes5199@gmail.com>
Date:   Sat Jan 3 18:56:35 2026 +0000

    CP-6kk: Remove non-recursive mode from orchestrator

    Orchestrator now always:
    1. Starts server and sync from commonplace.json
    2. Recursively discovers all processes.json files
    3. Manages discovered processes dynamically

    Removed flags:
    - --recursive (always on now)
    - --watch-processes (replaced by recursive discovery)
    - --use-paths (only used with --watch-processes)

    Kept --only for running a single base process from config.

    ðŸ¤– Generated with [Claude Code](https://claude.com/claude-code)

    Co-Authored-By: Claude Opus 4.5 <noreply@anthropic.com>

 src/bin/orchestrator.rs | 281 +++++++++++++++++++++++++++++++++++++++++++++++---------------------------------------------------------------------
 src/cli.rs              |  17 +------
 2 files changed, 115 insertions(+), 183 deletions(-)

commit f94602f81c9f5713ff3780f9d6bff1e651cb24b6
Author: Jes Wolfe! <jes5199@gmail.com>
Date:   Sat Jan 3 18:48:55 2026 +0000

    CP-4qm, CP-n0x: Fix commonplace-replay usability issues

    CP-4qm: Now works from outside the sync directory by starting the
    workspace root search from the file's directory, not the current
    working directory.

    CP-n0x: Default output now shows total commit count and hints at
    --list flag, so users discover the full history is available.

    ðŸ¤– Generated with [Claude Code](https://claude.com/claude-code)

    Co-Authored-By: Claude Opus 4.5 <noreply@anthropic.com>

 src/bin/replay.rs | 31 +++++++++++++++++++++++++++++--
 1 file changed, 29 insertions(+), 2 deletions(-)

commit 7e5e6bc578ba23e89bdade159cb35fbd10010332
...skipping...
 .beads/issues.jsonl                                |   2 +-
 CLAUDE.md                                          |  18 ++++++
 Cargo.toml                                         |   4 ++
 README.md                                          |  10 +++
 src/bin/replay.rs                                  | 300 +++++++++++++++++++++++++++++++++++++++++++++++++++++++++++++++++++++++++++++++++++++++++
 src/cli.rs                                         |  25 ++++++++
 workspace/tmux/tmux/0/.commonplace.json            | 160 ++++++++++++++++++++++++++++++++++++++++++++++-
 workspace/tmux/tmux/0/0-_tmux_/.commonplace.json   |   2 +-
 workspace/tmux/tmux/0/0-_tmux_/0/.commonplace.json |   4 +-
 workspace/tmux/tmux/0/0-bash/.commonplace.json     |   2 +-
 workspace/tmux/tmux/0/0-claude/.commonplace.json   |   2 +-
 workspace/tmux/tmux/0/0-claude/0/.commonplace.json |   8 +--
 workspace/tmux/tmux/0/1-_tmux_/.commonplace.json   |   2 +-
 workspace/tmux/tmux/0/2-_tmux_/.commonplace.json   |   2 +-
 workspace/tmux/tmux/0/2-_tmux_/0/.commonplace.json |   8 +--
 workspace/tmux/tmux/0/2-bd/.commonplace.json       |   2 +-
 workspace/tmux/tmux/0/2-bd/0/.commonplace.json     |   4 +-
 workspace/tmux/tmux/0/2-cat/.commonplace.json      |   2 +-
 workspace/tmux/tmux/0/2-git/.commonplace.json      |   2 +-
 workspace/tmux/tmux/0/2-less/.commonplace.json     |   2 +-
 workspace/tmux/tmux/0/2-less/0/.commonplace.json   |   4 +-
 workspace/tmux/tmux/0/2-sleep/.commonplace.json    |   2 +-
 workspace/tmux/tmux/0/2-sleep/0/.commonplace.json  |   8 +--
 workspace/tmux/tmux/0/2-tail/.commonplace.json     |   2 +-
 workspace/tmux/tmux/0/2-tail/0/.commonplace.json   |   8 +--
 workspace/tmux/tmux/0/2-vi/.commonplace.json       |   2 +-
 workspace/tmux/tmux/0/2-vi/0/.commonplace.json     |   4 +-
 workspace/tmux/tmux/0/3-_tmux_/.commonplace.json   |   2 +-
 workspace/tmux/tmux/0/3-_tmux_/0/.commonplace.json |   4 +-
 workspace/tmux/tmux/0/3-bash/.commonplace.json     |   2 +-
 workspace/tmux/tmux/0/3-bash/0/.commonplace.json   |   4 +-
 workspace/tmux/tmux/0/3-node/.commonplace.json     |   2 +-
 workspace/tmux/tmux/0/3-node/0/.commonplace.json   |   8 +--
 workspace/tmux/tmux/0/3-vi/.commonplace.json       |   2 +-
 workspace/tmux/tmux/0/3-vi/0/.commonplace.json     |   4 +-
 workspace/tmux/tmux/0/4-claude/.commonplace.json   |   2 +-
 workspace/tmux/tmux/0/4-claude/0/.commonplace.json |   4 +-
 workspace/tmux/tmux/0/5-_tmux_/.commonplace.json   |   2 +-
 workspace/tmux/tmux/0/5-_tmux_/0/.commonplace.json |   4 +-
 workspace/tmux/tmux/0/5-sudo/.commonplace.json     |   2 +-
 workspace/tmux/tmux/0/5-sudo/0/.commonplace.json   |   4 +-
 workspace/tmux/tmux/0/5-vi/.commonplace.json       |   2 +-
 workspace/tmux/tmux/0/5-vi/0/.commonplace.json     |   8 +--
 workspace/tmux/tmux/0/windows.json                 |   2 +-
 44 files changed, 582 insertions(+), 67 deletions(-)

commit 42c063abdc4feebb55fc814ff1cd8d9c1ed8ec1e
jes@commonplace:~/commonplace/workspace/bartleby$
